2026-08-11 21:27:58,211 | INFO | ########## CUSTOMER ingestion started ##########
2026-08-11 21:27:58,323 | INFO | CUSTOMER | CorrelationId: c1430378-f3a0-429a-b99c-dafc024b75d4 | 1001 published successfully.
2026-08-11 21:27:58,369 | INFO | CUSTOMER | CorrelationId: b6b986d8-0194-4414-a02b-5d7db21ea9b5 | 1002 published successfully.
2026-08-11 21:27:58,413 | INFO | CUSTOMER | CorrelationId: caf67331-95fa-4516-b947-62d307284c45 | 1003 published successfully.
2026-08-11 21:27:58,457 | INFO | CUSTOMER | CorrelationId: fd420d66-92d1-4240-853f-ea7df66864a7 | 1004 published successfully.
2026-08-11 21:27:58,505 | INFO | CUSTOMER | CorrelationId: 7269c51e-de19-4505-b3da-5e2f9df42f9e | 1005 published successfully.
2026-08-11 21:27:58,549 | INFO | CUSTOMER | CorrelationId: 9cd7512d-3c9d-4d46-b572-7afd4819bbdf | 1006 published successfully.
2026-08-11 21:27:58,597 | INFO | CUSTOMER | CorrelationId: 338dcf81-cf9c-4658-bcb3-ccd2a8624228 | 1007 published successfully.
2026-08-11 21:27:58,642 | INFO | CUSTOMER | CorrelationId: 1f826105-7a05-4c54-91b7-03ede41061f9 | 1008 published successfully.
2026-08-11 21:27:58,643 | INFO | -------------------------------------------
2026-08-11 21:27:58,643 | INFO | Total Records : 8
2026-08-11 21:27:58,643 | INFO | Published     : 8
2026-08-11 21:27:58,643 | INFO | Failed        : 0
2026-08-11 21:27:58,643 | INFO | -------------------------------------------
2026-08-11 21:27:58,643 | INFO | ########## CUSTOMER ingestion completed ##########
2026-08-11 21:27:58,643 | INFO | ########## Account ingestion started ##########
2026-08-11 21:27:58,670 | INFO | ACCOUNT | CorrelationId: 2acd14a6-8cf5-434a-9d51-8871f842d734 | 5001 published successfully.
2026-08-11 21:27:58,675 | INFO | ACCOUNT | CorrelationId: 3b231f91-9a95-4cda-86f7-0980c9f2f80c | 5002 published successfully.
2026-08-11 21:27:58,681 | INFO | ACCOUNT | CorrelationId: 5eeb02b3-c234-4762-8295-cfaf9594145c | 5003 published successfully.
2026-08-11 21:27:58,687 | INFO | ACCOUNT | CorrelationId: 22d4e39f-0d62-481d-9493-7ced68f8f62f | 5004 published successfully.
2026-08-11 21:27:58,691 | INFO | ACCOUNT | CorrelationId: 31aef27f-39d7-45ed-8108-a0b76e77f611 | 5005 published successfully.
2026-08-11 21:27:58,696 | INFO | ACCOUNT | CorrelationId: 532944c7-3ba3-4594-ba0c-f489f30bbeae | 5006 published successfully.
2026-08-11 21:27:58,701 | INFO | ACCOUNT | CorrelationId: 0f7a575f-bcdb-470a-8d8a-443fc41cc7e3 | 5007 published successfully.
2026-08-11 21:27:58,704 | INFO | ACCOUNT | CorrelationId: 631aed84-8895-4c29-83de-1cbe06b629bc | 5008 published successfully.
2026-08-11 21:27:58,707 | INFO | ACCOUNT | CorrelationId: feac85c1-a2f2-4f66-8ed6-073852870f40 | 5009 published successfully.
2026-08-11 21:27:58,710 | INFO | ACCOUNT | CorrelationId: 07b15eb4-5647-4132-95e8-066edd1cee56 | 5010 published successfully.
2026-08-11 21:27:58,711 | INFO | -------------------------------------------
2026-08-11 21:27:58,711 | INFO | Total Records : 10
2026-08-11 21:27:58,711 | INFO | Published     : 10
2026-08-11 21:27:58,711 | INFO | Failed        : 0
2026-08-11 21:27:58,711 | INFO | -------------------------------------------
2026-08-11 21:27:58,711 | INFO | ########## Account ingestion completed ##########
2026-08-11 21:27:58,711 | INFO | ########## Beneficiary ingestion started ##########
2026-08-11 21:27:58,793 | INFO | BENEFICIARY | CorrelationId: 9519c7a2-c9e3-4c78-87ff-9b51c2c29ebd | 7001 published successfully.
2026-08-11 21:27:58,837 | INFO | BENEFICIARY | CorrelationId: 2a6634dc-c9af-49fe-86ac-fda8a3ee12f4 | 7002 published successfully.
2026-08-11 21:27:58,880 | INFO | BENEFICIARY | CorrelationId: 6f324480-6cc6-4634-9efa-efec46d103b9 | 7003 published successfully.
2026-08-11 21:27:58,925 | INFO | BENEFICIARY | CorrelationId: b7201ea0-bc93-4f91-ac95-4bad789295bc | 7004 published successfully.
2026-08-11 21:27:58,973 | INFO | BENEFICIARY | CorrelationId: 90b8660c-1b80-4c24-becc-904ecb321115 | 7005 published successfully.
2026-08-11 21:27:59,017 | INFO | BENEFICIARY | CorrelationId: f39bf265-9093-42c6-8927-cb3a9eeeae22 | 7006 published successfully.
2026-08-11 21:27:59,063 | INFO | BENEFICIARY | CorrelationId: 852001b1-8e23-413d-b513-c47b9a5d0576 | 7007 published successfully.
2026-08-11 21:27:59,111 | INFO | BENEFICIARY | CorrelationId: 37d9ca98-0c90-46db-b24b-85f3238b769a | 7008 published successfully.
2026-08-11 21:27:59,158 | INFO | BENEFICIARY | CorrelationId: 5217cdab-19f6-446c-9a39-78cda1a0acf9 | 7009 published successfully.
2026-08-11 21:27:59,204 | INFO | BENEFICIARY | CorrelationId: 1cd03bc0-893d-4b81-be03-d0cb8a89fb68 | 7010 published successfully.
2026-08-11 21:27:59,248 | INFO | BENEFICIARY | CorrelationId: dbeaee86-2e02-40be-9802-05218e84fc11 | 7011 published successfully.
2026-08-11 21:27:59,248 | INFO | -------------------------------------------
2026-08-11 21:27:59,248 | INFO | Total Records : 11
2026-08-11 21:27:59,248 | INFO | Published     : 11
2026-08-11 21:27:59,248 | INFO | Failed        : 0
2026-08-11 21:27:59,248 | INFO | -------------------------------------------
2026-08-11 21:27:59,249 | INFO | ########## Beneficiary ingestion completed ##########
2026-08-11 21:27:59,249 | INFO | ########## Customer Device ingestion started ##########
2026-08-11 21:27:59,305 | INFO | CUSTOMER_DEVICE | CorrelationId: dee25327-4957-41f5-9d13-b8ff34f7487f | 9001 published successfully.
2026-08-11 21:27:59,348 | INFO | CUSTOMER_DEVICE | CorrelationId: 7c437015-fbf1-4ebc-ae62-26654dc12749 | 9002 published successfully.
2026-08-11 21:27:59,398 | INFO | CUSTOMER_DEVICE | CorrelationId: 898b31ad-4a14-4485-885d-cd2b3549ac16 | 9003 published successfully.
2026-08-11 21:27:59,446 | INFO | CUSTOMER_DEVICE | CorrelationId: 4bcf6a72-e42d-4abe-8e5a-e6feba4daf48 | 9004 published successfully.
2026-08-11 21:27:59,496 | INFO | CUSTOMER_DEVICE | CorrelationId: d526b253-2a9a-4f70-9cb1-adcd188d3d8b | 9005 published successfully.
2026-08-11 21:27:59,540 | INFO | CUSTOMER_DEVICE | CorrelationId: e43b7a0d-0b06-4442-8c06-4b711c483b85 | 9006 published successfully.
2026-08-11 21:27:59,585 | INFO | CUSTOMER_DEVICE | CorrelationId: ae16a892-9097-43d1-80ac-d2e992205352 | 9007 published successfully.
2026-08-11 21:27:59,630 | INFO | CUSTOMER_DEVICE | CorrelationId: 1b053255-7611-41bf-9bd7-728f46bfbfa0 | 9008 published successfully.
2026-08-11 21:27:59,678 | INFO | CUSTOMER_DEVICE | CorrelationId: 25854bb0-a741-45d0-93cb-1f62c3b10543 | 9009 published successfully.
2026-08-11 21:27:59,678 | INFO | -------------------------------------------
2026-08-11 21:27:59,678 | INFO | Total Records : 9
2026-08-11 21:27:59,678 | INFO | Published     : 9
2026-08-11 21:27:59,678 | INFO | Failed        : 0
2026-08-11 21:27:59,678 | INFO | -------------------------------------------
2026-08-11 21:27:59,678 | INFO | ########## Customer Device ingestion completed ##########
2026-08-11 21:27:59,678 | INFO | TRANSACTION | ########## TRANSACTION ingestion started ##########
2026-08-11 21:27:59,731 | INFO | TRANSACTION | CorrelationId: d345b3ad-95fc-4d56-8205-92cf0ae83c6a | TXN-100001 published successfully.
2026-08-11 21:27:59,777 | INFO | TRANSACTION | CorrelationId: 0b0c229a-64c0-4533-bc12-55105bddb091 | TXN-100002 published successfully.
2026-08-11 21:27:59,825 | INFO | TRANSACTION | CorrelationId: a2e5842c-33f9-43d7-8097-3238e2ca487d | TXN-100003 published successfully.
2026-08-11 21:27:59,869 | INFO | TRANSACTION | CorrelationId: 3e946486-93c4-4e75-a64e-987b661c787f | TXN-100004 published successfully.
2026-08-11 21:27:59,914 | INFO | TRANSACTION | CorrelationId: dea68b68-fa6b-4827-80c0-8088f5b73de4 | TXN-100005 published successfully.
2026-08-11 21:27:59,961 | INFO | TRANSACTION | CorrelationId: 350b1922-05ae-4c82-b305-6bb40da830cd | TXN-100006 published successfully.
2026-08-11 21:28:00,005 | INFO | TRANSACTION | CorrelationId: f80f5080-5622-4a8b-8149-4ad578047037 | TXN-100007 published successfully.
2026-08-11 21:28:00,048 | INFO | TRANSACTION | CorrelationId: 73d2e3ce-a8b0-43a9-82e7-a69d513bcf35 | TXN-100008 published successfully.
2026-08-11 21:28:00,092 | INFO | TRANSACTION | CorrelationId: 61570f72-9d90-4c86-afad-d6b53364001b | TXN-100009 published successfully.
2026-08-11 21:28:00,136 | INFO | TRANSACTION | CorrelationId: 34a98cff-ded2-43d0-82d0-5f0a47da6d0d | TXN-100010 published successfully.
2026-08-11 21:28:00,182 | INFO | TRANSACTION | CorrelationId: fef38f6e-67aa-4855-8461-b6c460e6c81f | TXN-100011 published successfully.
2026-08-11 21:28:00,231 | INFO | TRANSACTION | CorrelationId: 98190bf7-ecb5-4c8f-aa21-6a26a5697334 | TXN-100012 published successfully.
2026-08-11 21:28:00,281 | INFO | TRANSACTION | CorrelationId: 92a3ef54-bf50-40bc-a70f-3c4d0b611479 | TXN-100013 published successfully.
2026-08-11 21:28:00,330 | INFO | TRANSACTION | CorrelationId: 083d5ff3-594b-4729-8b00-86a474402a4a | TXN-100014 published successfully.
2026-08-11 21:28:00,377 | INFO | TRANSACTION | CorrelationId: c3b4e899-fe54-4d16-ac12-3548c1d40b37 | TXN-100015 published successfully.
2026-08-11 21:28:00,427 | INFO | TRANSACTION | CorrelationId: 92c67bc6-5dfe-4a25-94b7-af02325b4026 | TXN-100016 published successfully.
2026-08-11 21:28:00,474 | INFO | TRANSACTION | CorrelationId: 9136d189-a1f8-48e5-b1b3-db7d1e3a0583 | TXN-100017 published successfully.
2026-08-11 21:28:00,521 | INFO | TRANSACTION | CorrelationId: d384e5ec-0d9e-4720-a171-ba00816c6e01 | TXN-100018 published successfully.
2026-08-11 21:28:00,567 | INFO | TRANSACTION | CorrelationId: 2d92467e-ae8a-4378-b4ca-45638d4df332 | TXN-100019 published successfully.
2026-08-11 21:28:00,618 | INFO | TRANSACTION | CorrelationId: 9641fc7d-61e3-442a-89e5-54c61fd33cb2 | TXN-100020 published successfully.
2026-08-11 21:28:00,618 | INFO | -------------------------------------------
2026-08-11 21:28:00,618 | INFO | Total Records : 20
2026-08-11 21:28:00,618 | INFO | Published     : 20
2026-08-11 21:28:00,618 | INFO | Failed        : 0
2026-08-11 21:28:00,618 | INFO | -------------------------------------------
2026-08-11 21:28:00,618 | INFO | TRANSACTION | ########## TRANSACTION ingestion completed ##########
2026-08-11 21:38:16,751 | INFO | ########## CUSTOMER ingestion started ##########
2026-08-11 21:38:16,866 | INFO | CUSTOMER | CorrelationId: 24405150-8ef2-4a4e-a08b-74c691a664de | 1001 published successfully.
2026-08-11 21:38:16,913 | INFO | CUSTOMER | CorrelationId: 755143e6-7692-4ca7-96f1-23edfb7d0918 | 1002 published successfully.
2026-08-11 21:38:16,956 | INFO | CUSTOMER | CorrelationId: 19f76294-ba96-4db0-a255-ffc4ea6b6085 | 1003 published successfully.
2026-08-11 21:38:17,001 | INFO | CUSTOMER | CorrelationId: 2c304b61-34e4-4c37-a552-6f930f153f34 | 1004 published successfully.
2026-08-11 21:38:17,044 | INFO | CUSTOMER | CorrelationId: 2e7b6823-3dce-471d-8054-6a93ee7fd657 | 1005 published successfully.
2026-08-11 21:38:17,089 | INFO | CUSTOMER | CorrelationId: 1a8ea78c-cad1-4197-8eab-c6d6081d49aa | 1006 published successfully.
2026-08-11 21:38:17,133 | INFO | CUSTOMER | CorrelationId: 2f3731f5-9643-423a-953e-1250c7048030 | 1007 published successfully.
2026-08-11 21:38:17,176 | INFO | CUSTOMER | CorrelationId: a37ca460-cc1b-44d6-b058-5d61e2c05e5a | 1008 published successfully.
2026-08-11 21:38:17,176 | INFO | -------------------------------------------
2026-08-11 21:38:17,176 | INFO | Total Records : 8
2026-08-11 21:38:17,176 | INFO | Published     : 8
2026-08-11 21:38:17,176 | INFO | Failed        : 0
2026-08-11 21:38:17,176 | INFO | -------------------------------------------
2026-08-11 21:38:17,176 | INFO | ########## CUSTOMER ingestion completed ##########
2026-08-11 21:38:17,176 | INFO | ########## Account ingestion started ##########
2026-08-11 21:38:17,201 | INFO | ACCOUNT | CorrelationId: 722fc49f-7b45-438f-9ea4-5d190994592d | 5001 published successfully.
2026-08-11 21:38:17,204 | INFO | ACCOUNT | CorrelationId: 33835f1d-62c2-46dd-886b-6676d667486d | 5002 published successfully.
2026-08-11 21:38:17,206 | INFO | ACCOUNT | CorrelationId: 5c5c0c00-600b-464b-a87a-7cb775008ff4 | 5003 published successfully.
2026-08-11 21:38:17,209 | INFO | ACCOUNT | CorrelationId: 87b322d6-8c0f-4917-9ceb-a131922a084d | 5004 published successfully.
2026-08-11 21:38:17,212 | INFO | ACCOUNT | CorrelationId: 274d4c03-8f47-4dea-9068-cb4d754d570f | 5005 published successfully.
2026-08-11 21:38:17,215 | INFO | ACCOUNT | CorrelationId: 7175ed0c-0e59-4f6b-b595-0c99559e4a40 | 5006 published successfully.
2026-08-11 21:38:17,218 | INFO | ACCOUNT | CorrelationId: 27810bfd-82c7-4bd6-8eef-ff9457c6140f | 5007 published successfully.
2026-08-11 21:38:17,221 | INFO | ACCOUNT | CorrelationId: 919c512b-8ab9-4712-b756-29b880d28c10 | 5008 published successfully.
2026-08-11 21:38:17,224 | INFO | ACCOUNT | CorrelationId: 71e3d366-39f2-467b-b601-8a46a90db2ee | 5009 published successfully.
2026-08-11 21:38:17,227 | INFO | ACCOUNT | CorrelationId: 1971a218-262a-4e84-8419-5af34f1f243f | 5010 published successfully.
2026-08-11 21:38:17,227 | INFO | -------------------------------------------
2026-08-11 21:38:17,227 | INFO | Total Records : 10
2026-08-11 21:38:17,227 | INFO | Published     : 10
2026-08-11 21:38:17,227 | INFO | Failed        : 0
2026-08-11 21:38:17,227 | INFO | -------------------------------------------
2026-08-11 21:38:17,227 | INFO | ########## Account ingestion completed ##########
2026-08-11 21:38:17,227 | INFO | ########## Beneficiary ingestion started ##########
2026-08-11 21:38:17,288 | INFO | BENEFICIARY | CorrelationId: fcca4fd9-e3e8-4712-be28-dee6dcf7cf31 | 7001 published successfully.
2026-08-11 21:38:17,332 | INFO | BENEFICIARY | CorrelationId: cff17d4e-9d3c-47f2-8f90-1aa65328e2c8 | 7002 published successfully.
2026-08-11 21:38:17,377 | INFO | BENEFICIARY | CorrelationId: 0433b110-d0ea-43ba-be53-dad2f913f4f4 | 7003 published successfully.
2026-08-11 21:38:17,420 | INFO | BENEFICIARY | CorrelationId: f6ebb946-d633-4f19-aa15-46607d50416e | 7004 published successfully.
2026-08-11 21:38:17,465 | INFO | BENEFICIARY | CorrelationId: 58a84f36-45f4-4c5b-a9f1-47da008c98bc | 7005 published successfully.
2026-08-11 21:38:17,510 | INFO | BENEFICIARY | CorrelationId: 1e1ab074-eb65-492b-9d8d-471dbd1915a1 | 7006 published successfully.
2026-08-11 21:38:17,561 | INFO | BENEFICIARY | CorrelationId: f3c11ad3-674b-47a7-9ad5-462e85a469ea | 7007 published successfully.
2026-08-11 21:38:17,606 | INFO | BENEFICIARY | CorrelationId: 9b939561-302b-4ef4-8d9a-28c716984e37 | 7008 published successfully.
2026-08-11 21:38:17,653 | INFO | BENEFICIARY | CorrelationId: 71eca5f7-706a-4dd7-b620-b5a55a240d89 | 7009 published successfully.
2026-08-11 21:38:17,701 | INFO | BENEFICIARY | CorrelationId: 98254fe7-2896-4db1-ac77-351f1983f5f6 | 7010 published successfully.
2026-08-11 21:38:17,744 | INFO | BENEFICIARY | CorrelationId: e484b137-6710-4191-95dd-633421958fee | 7011 published successfully.
2026-08-11 21:38:17,744 | INFO | -------------------------------------------
2026-08-11 21:38:17,744 | INFO | Total Records : 11
2026-08-11 21:38:17,745 | INFO | Published     : 11
2026-08-11 21:38:17,745 | INFO | Failed        : 0
2026-08-11 21:38:17,745 | INFO | -------------------------------------------
2026-08-11 21:38:17,745 | INFO | ########## Beneficiary ingestion completed ##########
2026-08-11 21:38:17,745 | INFO | ########## Customer Device ingestion started ##########
2026-08-11 21:38:17,765 | INFO | CUSTOMER_DEVICE | CorrelationId: 60e87c76-2d6f-4a97-8105-146a4a507d81 | 9001 published successfully.
2026-08-11 21:38:17,768 | INFO | CUSTOMER_DEVICE | CorrelationId: cbc4d933-dc82-444e-b8e6-13992cde835e | 9002 published successfully.
2026-08-11 21:38:17,771 | INFO | CUSTOMER_DEVICE | CorrelationId: 0ee505c0-518d-4ffd-a726-a3cf73a42909 | 9003 published successfully.
2026-08-11 21:38:17,774 | INFO | CUSTOMER_DEVICE | CorrelationId: 6c32b6b4-fa6a-4b28-847d-ad2a0b8fd3d7 | 9004 published successfully.
2026-08-11 21:38:17,777 | INFO | CUSTOMER_DEVICE | CorrelationId: 7ecaf3d3-c438-4422-b0e2-17480ee0eb61 | 9005 published successfully.
2026-08-11 21:38:17,780 | INFO | CUSTOMER_DEVICE | CorrelationId: ed0ea3f0-eeca-4527-8629-f490acca1db4 | 9006 published successfully.
2026-08-11 21:38:17,783 | INFO | CUSTOMER_DEVICE | CorrelationId: 7cb783aa-651e-4ca1-8794-3c1462874f91 | 9007 published successfully.
2026-08-11 21:38:17,786 | INFO | CUSTOMER_DEVICE | CorrelationId: e471318f-7b55-4927-a324-4f1a7667b700 | 9008 published successfully.
2026-08-11 21:38:17,789 | INFO | CUSTOMER_DEVICE | CorrelationId: 926cc9fc-a32c-40aa-82cb-776105d3d60c | 9009 published successfully.
2026-08-11 21:38:17,789 | INFO | -------------------------------------------
2026-08-11 21:38:17,789 | INFO | Total Records : 9
2026-08-11 21:38:17,789 | INFO | Published     : 9
2026-08-11 21:38:17,789 | INFO | Failed        : 0
2026-08-11 21:38:17,789 | INFO | -------------------------------------------
2026-08-11 21:38:17,790 | INFO | ########## Customer Device ingestion completed ##########
2026-08-11 21:38:17,790 | INFO | TRANSACTION | ########## TRANSACTION ingestion started ##########
2026-08-11 21:38:17,840 | INFO | TRANSACTION | CorrelationId: 3c160df6-1215-4091-a2c8-c9be9d6a44d0 | TXN-100001 published successfully.
2026-08-11 21:38:17,884 | INFO | TRANSACTION | CorrelationId: a441936d-5337-497d-92fc-f0883e81a07b | TXN-100002 published successfully.
2026-08-11 21:38:17,928 | INFO | TRANSACTION | CorrelationId: 6582cd5c-9e3e-418d-93d2-692978589293 | TXN-100003 published successfully.
2026-08-11 21:38:17,972 | INFO | TRANSACTION | CorrelationId: a1b2e59f-2724-483e-b2d1-0309d56c33c3 | TXN-100004 published successfully.
2026-08-11 21:38:18,016 | INFO | TRANSACTION | CorrelationId: 10adcf1b-44db-4643-a746-8c805cef0e17 | TXN-100005 published successfully.
2026-08-11 21:38:18,060 | INFO | TRANSACTION | CorrelationId: fe2b4c60-b88b-4e2d-ac35-f22d2ef4cf68 | TXN-100006 published successfully.
2026-08-11 21:38:18,105 | INFO | TRANSACTION | CorrelationId: f1360af7-48b8-4577-a725-23db8b539774 | TXN-100007 published successfully.
2026-08-11 21:38:18,148 | INFO | TRANSACTION | CorrelationId: 23941385-4c89-4a7e-8f67-224e31481322 | TXN-100008 published successfully.
2026-08-11 21:38:18,192 | INFO | TRANSACTION | CorrelationId: 7f5fe539-d4f3-41a5-857e-058281e69571 | TXN-100009 published successfully.
2026-08-11 21:38:18,236 | INFO | TRANSACTION | CorrelationId: 85f7107e-6520-451a-b46d-26e52ddef935 | TXN-100010 published successfully.
2026-08-11 21:38:18,281 | INFO | TRANSACTION | CorrelationId: 92aa50aa-bc22-42aa-a372-8c9fa1416f47 | TXN-100011 published successfully.
2026-08-11 21:38:18,324 | INFO | TRANSACTION | CorrelationId: 8bd6cb66-f70c-4faf-9d70-5bd6277c0471 | TXN-100012 published successfully.
2026-08-11 21:38:18,368 | INFO | TRANSACTION | CorrelationId: 05c78ea7-7f08-4dc9-b053-dc93326baa76 | TXN-100013 published successfully.
2026-08-11 21:38:18,416 | INFO | TRANSACTION | CorrelationId: ccd2aab6-446a-49c9-a642-2441b3f12a07 | TXN-100014 published successfully.
2026-08-11 21:38:18,460 | INFO | TRANSACTION | CorrelationId: 847866e7-e7fb-4555-bbe6-6f5ec9d468b6 | TXN-100015 published successfully.
2026-08-11 21:38:18,504 | INFO | TRANSACTION | CorrelationId: b9adcd5f-65a5-4eee-870d-819de9d6644c | TXN-100016 published successfully.
2026-08-11 21:38:18,548 | INFO | TRANSACTION | CorrelationId: 40ef67b3-c536-4db7-917f-ec6495d9c224 | TXN-100017 published successfully.
2026-08-11 21:38:18,592 | INFO | TRANSACTION | CorrelationId: 12c32f14-a11b-467e-944b-ca5f43139796 | TXN-100018 published successfully.
2026-08-11 21:38:18,636 | INFO | TRANSACTION | CorrelationId: 41097648-6e6a-4a44-8a19-145d47109bc9 | TXN-100019 published successfully.
2026-08-11 21:38:18,680 | INFO | TRANSACTION | CorrelationId: 0f091f84-1805-434f-907f-7b3a22aa7477 | TXN-100020 published successfully.
2026-08-11 21:38:18,680 | INFO | -------------------------------------------
2026-08-11 21:38:18,680 | INFO | Total Records : 20
2026-08-11 21:38:18,680 | INFO | Published     : 20
2026-08-11 21:38:18,680 | INFO | Failed        : 0
2026-08-11 21:38:18,680 | INFO | -------------------------------------------
2026-08-11 21:38:18,680 | INFO | TRANSACTION | ########## TRANSACTION ingestion completed ##########
