2026-08-11 21:27:58,323 | INFO | CorrelationId: c1430378-f3a0-429a-b99c-dafc024b75d4 | Event published successfully | Topic: falcon_topic | Partition: 0 | Offset: 64
2026-08-11 21:27:58,369 | INFO | CorrelationId: b6b986d8-0194-4414-a02b-5d7db21ea9b5 | Event published successfully | Topic: falcon_topic | Partition: 0 | Offset: 65
2026-08-11 21:27:58,413 | INFO | CorrelationId: caf67331-95fa-4516-b947-62d307284c45 | Event published successfully | Topic: falcon_topic | Partition: 0 | Offset: 66
2026-08-11 21:27:58,457 | INFO | CorrelationId: fd420d66-92d1-4240-853f-ea7df66864a7 | Event published successfully | Topic: falcon_topic | Partition: 0 | Offset: 67
2026-08-11 21:27:58,505 | INFO | CorrelationId: 7269c51e-de19-4505-b3da-5e2f9df42f9e | Event published successfully | Topic: falcon_topic | Partition: 0 | Offset: 68
2026-08-11 21:27:58,549 | INFO | CorrelationId: 9cd7512d-3c9d-4d46-b572-7afd4819bbdf | Event published successfully | Topic: falcon_topic | Partition: 0 | Offset: 69
2026-08-11 21:27:58,597 | INFO | CorrelationId: 338dcf81-cf9c-4658-bcb3-ccd2a8624228 | Event published successfully | Topic: falcon_topic | Partition: 0 | Offset: 70
2026-08-11 21:27:58,642 | INFO | CorrelationId: 1f826105-7a05-4c54-91b7-03ede41061f9 | Event published successfully | Topic: falcon_topic | Partition: 0 | Offset: 71
2026-08-11 21:27:58,670 | INFO | CorrelationId: 2acd14a6-8cf5-434a-9d51-8871f842d734 | Event published successfully | Topic: falcon_topic | Partition: 0 | Offset: 72
2026-08-11 21:27:58,674 | INFO | CorrelationId: 3b231f91-9a95-4cda-86f7-0980c9f2f80c | Event published successfully | Topic: falcon_topic | Partition: 0 | Offset: 73
2026-08-11 21:27:58,681 | INFO | CorrelationId: 5eeb02b3-c234-4762-8295-cfaf9594145c | Event published successfully | Topic: falcon_topic | Partition: 0 | Offset: 74
2026-08-11 21:27:58,687 | INFO | CorrelationId: 22d4e39f-0d62-481d-9493-7ced68f8f62f | Event published successfully | Topic: falcon_topic | Partition: 0 | Offset: 75
2026-08-11 21:27:58,691 | INFO | CorrelationId: 31aef27f-39d7-45ed-8108-a0b76e77f611 | Event published successfully | Topic: falcon_topic | Partition: 0 | Offset: 76
2026-08-11 21:27:58,696 | INFO | CorrelationId: 532944c7-3ba3-4594-ba0c-f489f30bbeae | Event published successfully | Topic: falcon_topic | Partition: 0 | Offset: 77
2026-08-11 21:27:58,700 | INFO | CorrelationId: 0f7a575f-bcdb-470a-8d8a-443fc41cc7e3 | Event published successfully | Topic: falcon_topic | Partition: 0 | Offset: 78
2026-08-11 21:27:58,704 | INFO | CorrelationId: 631aed84-8895-4c29-83de-1cbe06b629bc | Event published successfully | Topic: falcon_topic | Partition: 0 | Offset: 79
2026-08-11 21:27:58,706 | INFO | CorrelationId: feac85c1-a2f2-4f66-8ed6-073852870f40 | Event published successfully | Topic: falcon_topic | Partition: 0 | Offset: 80
2026-08-11 21:27:58,710 | INFO | CorrelationId: 07b15eb4-5647-4132-95e8-066edd1cee56 | Event published successfully | Topic: falcon_topic | Partition: 0 | Offset: 81
2026-08-11 21:27:58,793 | INFO | CorrelationId: 9519c7a2-c9e3-4c78-87ff-9b51c2c29ebd | Event published successfully | Topic: falcon_topic | Partition: 0 | Offset: 82
2026-08-11 21:27:58,837 | INFO | CorrelationId: 2a6634dc-c9af-49fe-86ac-fda8a3ee12f4 | Event published successfully | Topic: falcon_topic | Partition: 0 | Offset: 83
2026-08-11 21:27:58,880 | INFO | CorrelationId: 6f324480-6cc6-4634-9efa-efec46d103b9 | Event published successfully | Topic: falcon_topic | Partition: 0 | Offset: 84
2026-08-11 21:27:58,925 | INFO | CorrelationId: b7201ea0-bc93-4f91-ac95-4bad789295bc | Event published successfully | Topic: falcon_topic | Partition: 0 | Offset: 85
2026-08-11 21:27:58,973 | INFO | CorrelationId: 90b8660c-1b80-4c24-becc-904ecb321115 | Event published successfully | Topic: falcon_topic | Partition: 0 | Offset: 86
2026-08-11 21:27:59,016 | INFO | CorrelationId: f39bf265-9093-42c6-8927-cb3a9eeeae22 | Event published successfully | Topic: falcon_topic | Partition: 0 | Offset: 87
2026-08-11 21:27:59,063 | INFO | CorrelationId: 852001b1-8e23-413d-b513-c47b9a5d0576 | Event published successfully | Topic: falcon_topic | Partition: 0 | Offset: 88
2026-08-11 21:27:59,110 | INFO | CorrelationId: 37d9ca98-0c90-46db-b24b-85f3238b769a | Event published successfully | Topic: falcon_topic | Partition: 0 | Offset: 89
2026-08-11 21:27:59,158 | INFO | CorrelationId: 5217cdab-19f6-446c-9a39-78cda1a0acf9 | Event published successfully | Topic: falcon_topic | Partition: 0 | Offset: 90
2026-08-11 21:27:59,204 | INFO | CorrelationId: 1cd03bc0-893d-4b81-be03-d0cb8a89fb68 | Event published successfully | Topic: falcon_topic | Partition: 0 | Offset: 91
2026-08-11 21:27:59,248 | INFO | CorrelationId: dbeaee86-2e02-40be-9802-05218e84fc11 | Event published successfully | Topic: falcon_topic | Partition: 0 | Offset: 92
2026-08-11 21:27:59,305 | INFO | CorrelationId: dee25327-4957-41f5-9d13-b8ff34f7487f | Event published successfully | Topic: falcon_topic | Partition: 0 | Offset: 93
2026-08-11 21:27:59,348 | INFO | CorrelationId: 7c437015-fbf1-4ebc-ae62-26654dc12749 | Event published successfully | Topic: falcon_topic | Partition: 0 | Offset: 94
2026-08-11 21:27:59,398 | INFO | CorrelationId: 898b31ad-4a14-4485-885d-cd2b3549ac16 | Event published successfully | Topic: falcon_topic | Partition: 0 | Offset: 95
2026-08-11 21:27:59,445 | INFO | CorrelationId: 4bcf6a72-e42d-4abe-8e5a-e6feba4daf48 | Event published successfully | Topic: falcon_topic | Partition: 0 | Offset: 96
2026-08-11 21:27:59,496 | INFO | CorrelationId: d526b253-2a9a-4f70-9cb1-adcd188d3d8b | Event published successfully | Topic: falcon_topic | Partition: 0 | Offset: 97
2026-08-11 21:27:59,540 | INFO | CorrelationId: e43b7a0d-0b06-4442-8c06-4b711c483b85 | Event published successfully | Topic: falcon_topic | Partition: 0 | Offset: 98
2026-08-11 21:27:59,585 | INFO | CorrelationId: ae16a892-9097-43d1-80ac-d2e992205352 | Event published successfully | Topic: falcon_topic | Partition: 0 | Offset: 99
2026-08-11 21:27:59,630 | INFO | CorrelationId: 1b053255-7611-41bf-9bd7-728f46bfbfa0 | Event published successfully | Topic: falcon_topic | Partition: 0 | Offset: 100
2026-08-11 21:27:59,678 | INFO | CorrelationId: 25854bb0-a741-45d0-93cb-1f62c3b10543 | Event published successfully | Topic: falcon_topic | Partition: 0 | Offset: 101
2026-08-11 21:27:59,731 | INFO | CorrelationId: d345b3ad-95fc-4d56-8205-92cf0ae83c6a | Event published successfully | Topic: falcon_topic | Partition: 0 | Offset: 102
2026-08-11 21:27:59,777 | INFO | CorrelationId: 0b0c229a-64c0-4533-bc12-55105bddb091 | Event published successfully | Topic: falcon_topic | Partition: 0 | Offset: 103
2026-08-11 21:27:59,824 | INFO | CorrelationId: a2e5842c-33f9-43d7-8097-3238e2ca487d | Event published successfully | Topic: falcon_topic | Partition: 0 | Offset: 104
2026-08-11 21:27:59,869 | INFO | CorrelationId: 3e946486-93c4-4e75-a64e-987b661c787f | Event published successfully | Topic: falcon_topic | Partition: 0 | Offset: 105
2026-08-11 21:27:59,913 | INFO | CorrelationId: dea68b68-fa6b-4827-80c0-8088f5b73de4 | Event published successfully | Topic: falcon_topic | Partition: 0 | Offset: 106
2026-08-11 21:27:59,960 | INFO | CorrelationId: 350b1922-05ae-4c82-b305-6bb40da830cd | Event published successfully | Topic: falcon_topic | Partition: 0 | Offset: 107
2026-08-11 21:28:00,005 | INFO | CorrelationId: f80f5080-5622-4a8b-8149-4ad578047037 | Event published successfully | Topic: falcon_topic | Partition: 0 | Offset: 108
2026-08-11 21:28:00,048 | INFO | CorrelationId: 73d2e3ce-a8b0-43a9-82e7-a69d513bcf35 | Event published successfully | Topic: falcon_topic | Partition: 0 | Offset: 109
2026-08-11 21:28:00,092 | INFO | CorrelationId: 61570f72-9d90-4c86-afad-d6b53364001b | Event published successfully | Topic: falcon_topic | Partition: 0 | Offset: 110
2026-08-11 21:28:00,136 | INFO | CorrelationId: 34a98cff-ded2-43d0-82d0-5f0a47da6d0d | Event published successfully | Topic: falcon_topic | Partition: 0 | Offset: 111
2026-08-11 21:28:00,182 | INFO | CorrelationId: fef38f6e-67aa-4855-8461-b6c460e6c81f | Event published successfully | Topic: falcon_topic | Partition: 0 | Offset: 112
2026-08-11 21:28:00,230 | INFO | CorrelationId: 98190bf7-ecb5-4c8f-aa21-6a26a5697334 | Event published successfully | Topic: falcon_topic | Partition: 0 | Offset: 113
2026-08-11 21:28:00,281 | INFO | CorrelationId: 92a3ef54-bf50-40bc-a70f-3c4d0b611479 | Event published successfully | Topic: falcon_topic | Partition: 0 | Offset: 114
2026-08-11 21:28:00,330 | INFO | CorrelationId: 083d5ff3-594b-4729-8b00-86a474402a4a | Event published successfully | Topic: falcon_topic | Partition: 0 | Offset: 115
2026-08-11 21:28:00,377 | INFO | CorrelationId: c3b4e899-fe54-4d16-ac12-3548c1d40b37 | Event published successfully | Topic: falcon_topic | Partition: 0 | Offset: 116
2026-08-11 21:28:00,427 | INFO | CorrelationId: 92c67bc6-5dfe-4a25-94b7-af02325b4026 | Event published successfully | Topic: falcon_topic | Partition: 0 | Offset: 117
2026-08-11 21:28:00,474 | INFO | CorrelationId: 9136d189-a1f8-48e5-b1b3-db7d1e3a0583 | Event published successfully | Topic: falcon_topic | Partition: 0 | Offset: 118
2026-08-11 21:28:00,521 | INFO | CorrelationId: d384e5ec-0d9e-4720-a171-ba00816c6e01 | Event published successfully | Topic: falcon_topic | Partition: 0 | Offset: 119
2026-08-11 21:28:00,567 | INFO | CorrelationId: 2d92467e-ae8a-4378-b4ca-45638d4df332 | Event published successfully | Topic: falcon_topic | Partition: 0 | Offset: 120
2026-08-11 21:28:00,618 | INFO | CorrelationId: 9641fc7d-61e3-442a-89e5-54c61fd33cb2 | Event published successfully | Topic: falcon_topic | Partition: 0 | Offset: 121
2026-08-11 21:38:16,866 | INFO | CorrelationId: 24405150-8ef2-4a4e-a08b-74c691a664de | Event published successfully | Topic: falcon_topic | Partition: 0 | Offset: 122
2026-08-11 21:38:16,913 | INFO | CorrelationId: 755143e6-7692-4ca7-96f1-23edfb7d0918 | Event published successfully | Topic: falcon_topic | Partition: 0 | Offset: 123
2026-08-11 21:38:16,956 | INFO | CorrelationId: 19f76294-ba96-4db0-a255-ffc4ea6b6085 | Event published successfully | Topic: falcon_topic | Partition: 0 | Offset: 124
2026-08-11 21:38:17,000 | INFO | CorrelationId: 2c304b61-34e4-4c37-a552-6f930f153f34 | Event published successfully | Topic: falcon_topic | Partition: 0 | Offset: 125
2026-08-11 21:38:17,044 | INFO | CorrelationId: 2e7b6823-3dce-471d-8054-6a93ee7fd657 | Event published successfully | Topic: falcon_topic | Partition: 0 | Offset: 126
2026-08-11 21:38:17,089 | INFO | CorrelationId: 1a8ea78c-cad1-4197-8eab-c6d6081d49aa | Event published successfully | Topic: falcon_topic | Partition: 0 | Offset: 127
2026-08-11 21:38:17,133 | INFO | CorrelationId: 2f3731f5-9643-423a-953e-1250c7048030 | Event published successfully | Topic: falcon_topic | Partition: 0 | Offset: 128
2026-08-11 21:38:17,176 | INFO | CorrelationId: a37ca460-cc1b-44d6-b058-5d61e2c05e5a | Event published successfully | Topic: falcon_topic | Partition: 0 | Offset: 129
2026-08-11 21:38:17,201 | INFO | CorrelationId: 722fc49f-7b45-438f-9ea4-5d190994592d | Event published successfully | Topic: falcon_topic | Partition: 0 | Offset: 130
2026-08-11 21:38:17,204 | INFO | CorrelationId: 33835f1d-62c2-46dd-886b-6676d667486d | Event published successfully | Topic: falcon_topic | Partition: 0 | Offset: 131
2026-08-11 21:38:17,206 | INFO | CorrelationId: 5c5c0c00-600b-464b-a87a-7cb775008ff4 | Event published successfully | Topic: falcon_topic | Partition: 0 | Offset: 132
2026-08-11 21:38:17,209 | INFO | CorrelationId: 87b322d6-8c0f-4917-9ceb-a131922a084d | Event published successfully | Topic: falcon_topic | Partition: 0 | Offset: 133
2026-08-11 21:38:17,212 | INFO | CorrelationId: 274d4c03-8f47-4dea-9068-cb4d754d570f | Event published successfully | Topic: falcon_topic | Partition: 0 | Offset: 134
2026-08-11 21:38:17,215 | INFO | CorrelationId: 7175ed0c-0e59-4f6b-b595-0c99559e4a40 | Event published successfully | Topic: falcon_topic | Partition: 0 | Offset: 135
2026-08-11 21:38:17,218 | INFO | CorrelationId: 27810bfd-82c7-4bd6-8eef-ff9457c6140f | Event published successfully | Topic: falcon_topic | Partition: 0 | Offset: 136
2026-08-11 21:38:17,221 | INFO | CorrelationId: 919c512b-8ab9-4712-b756-29b880d28c10 | Event published successfully | Topic: falcon_topic | Partition: 0 | Offset: 137
2026-08-11 21:38:17,224 | INFO | CorrelationId: 71e3d366-39f2-467b-b601-8a46a90db2ee | Event published successfully | Topic: falcon_topic | Partition: 0 | Offset: 138
2026-08-11 21:38:17,226 | INFO | CorrelationId: 1971a218-262a-4e84-8419-5af34f1f243f | Event published successfully | Topic: falcon_topic | Partition: 0 | Offset: 139
2026-08-11 21:38:17,288 | INFO | CorrelationId: fcca4fd9-e3e8-4712-be28-dee6dcf7cf31 | Event published successfully | Topic: falcon_topic | Partition: 0 | Offset: 140
2026-08-11 21:38:17,332 | INFO | CorrelationId: cff17d4e-9d3c-47f2-8f90-1aa65328e2c8 | Event published successfully | Topic: falcon_topic | Partition: 0 | Offset: 141
2026-08-11 21:38:17,377 | INFO | CorrelationId: 0433b110-d0ea-43ba-be53-dad2f913f4f4 | Event published successfully | Topic: falcon_topic | Partition: 0 | Offset: 142
2026-08-11 21:38:17,420 | INFO | CorrelationId: f6ebb946-d633-4f19-aa15-46607d50416e | Event published successfully | Topic: falcon_topic | Partition: 0 | Offset: 143
2026-08-11 21:38:17,464 | INFO | CorrelationId: 58a84f36-45f4-4c5b-a9f1-47da008c98bc | Event published successfully | Topic: falcon_topic | Partition: 0 | Offset: 144
2026-08-11 21:38:17,510 | INFO | CorrelationId: 1e1ab074-eb65-492b-9d8d-471dbd1915a1 | Event published successfully | Topic: falcon_topic | Partition: 0 | Offset: 145
2026-08-11 21:38:17,561 | INFO | CorrelationId: f3c11ad3-674b-47a7-9ad5-462e85a469ea | Event published successfully | Topic: falcon_topic | Partition: 0 | Offset: 146
2026-08-11 21:38:17,605 | INFO | CorrelationId: 9b939561-302b-4ef4-8d9a-28c716984e37 | Event published successfully | Topic: falcon_topic | Partition: 0 | Offset: 147
2026-08-11 21:38:17,653 | INFO | CorrelationId: 71eca5f7-706a-4dd7-b620-b5a55a240d89 | Event published successfully | Topic: falcon_topic | Partition: 0 | Offset: 148
2026-08-11 21:38:17,701 | INFO | CorrelationId: 98254fe7-2896-4db1-ac77-351f1983f5f6 | Event published successfully | Topic: falcon_topic | Partition: 0 | Offset: 149
2026-08-11 21:38:17,744 | INFO | CorrelationId: e484b137-6710-4191-95dd-633421958fee | Event published successfully | Topic: falcon_topic | Partition: 0 | Offset: 150
2026-08-11 21:38:17,765 | INFO | CorrelationId: 60e87c76-2d6f-4a97-8105-146a4a507d81 | Event published successfully | Topic: falcon_topic | Partition: 0 | Offset: 151
2026-08-11 21:38:17,768 | INFO | CorrelationId: cbc4d933-dc82-444e-b8e6-13992cde835e | Event published successfully | Topic: falcon_topic | Partition: 0 | Offset: 152
2026-08-11 21:38:17,771 | INFO | CorrelationId: 0ee505c0-518d-4ffd-a726-a3cf73a42909 | Event published successfully | Topic: falcon_topic | Partition: 0 | Offset: 153
2026-08-11 21:38:17,774 | INFO | CorrelationId: 6c32b6b4-fa6a-4b28-847d-ad2a0b8fd3d7 | Event published successfully | Topic: falcon_topic | Partition: 0 | Offset: 154
2026-08-11 21:38:17,776 | INFO | CorrelationId: 7ecaf3d3-c438-4422-b0e2-17480ee0eb61 | Event published successfully | Topic: falcon_topic | Partition: 0 | Offset: 155
2026-08-11 21:38:17,780 | INFO | CorrelationId: ed0ea3f0-eeca-4527-8629-f490acca1db4 | Event published successfully | Topic: falcon_topic | Partition: 0 | Offset: 156
2026-08-11 21:38:17,783 | INFO | CorrelationId: 7cb783aa-651e-4ca1-8794-3c1462874f91 | Event published successfully | Topic: falcon_topic | Partition: 0 | Offset: 157
2026-08-11 21:38:17,786 | INFO | CorrelationId: e471318f-7b55-4927-a324-4f1a7667b700 | Event published successfully | Topic: falcon_topic | Partition: 0 | Offset: 158
2026-08-11 21:38:17,789 | INFO | CorrelationId: 926cc9fc-a32c-40aa-82cb-776105d3d60c | Event published successfully | Topic: falcon_topic | Partition: 0 | Offset: 159
2026-08-11 21:38:17,840 | INFO | CorrelationId: 3c160df6-1215-4091-a2c8-c9be9d6a44d0 | Event published successfully | Topic: falcon_topic | Partition: 0 | Offset: 160
2026-08-11 21:38:17,884 | INFO | CorrelationId: a441936d-5337-497d-92fc-f0883e81a07b | Event published successfully | Topic: falcon_topic | Partition: 0 | Offset: 161
2026-08-11 21:38:17,928 | INFO | CorrelationId: 6582cd5c-9e3e-418d-93d2-692978589293 | Event published successfully | Topic: falcon_topic | Partition: 0 | Offset: 162
2026-08-11 21:38:17,972 | INFO | CorrelationId: a1b2e59f-2724-483e-b2d1-0309d56c33c3 | Event published successfully | Topic: falcon_topic | Partition: 0 | Offset: 163
2026-08-11 21:38:18,016 | INFO | CorrelationId: 10adcf1b-44db-4643-a746-8c805cef0e17 | Event published successfully | Topic: falcon_topic | Partition: 0 | Offset: 164
2026-08-11 21:38:18,060 | INFO | CorrelationId: fe2b4c60-b88b-4e2d-ac35-f22d2ef4cf68 | Event published successfully | Topic: falcon_topic | Partition: 0 | Offset: 165
2026-08-11 21:38:18,104 | INFO | CorrelationId: f1360af7-48b8-4577-a725-23db8b539774 | Event published successfully | Topic: falcon_topic | Partition: 0 | Offset: 166
2026-08-11 21:38:18,148 | INFO | CorrelationId: 23941385-4c89-4a7e-8f67-224e31481322 | Event published successfully | Topic: falcon_topic | Partition: 0 | Offset: 167
2026-08-11 21:38:18,192 | INFO | CorrelationId: 7f5fe539-d4f3-41a5-857e-058281e69571 | Event published successfully | Topic: falcon_topic | Partition: 0 | Offset: 168
2026-08-11 21:38:18,236 | INFO | CorrelationId: 85f7107e-6520-451a-b46d-26e52ddef935 | Event published successfully | Topic: falcon_topic | Partition: 0 | Offset: 169
2026-08-11 21:38:18,280 | INFO | CorrelationId: 92aa50aa-bc22-42aa-a372-8c9fa1416f47 | Event published successfully | Topic: falcon_topic | Partition: 0 | Offset: 170
2026-08-11 21:38:18,324 | INFO | CorrelationId: 8bd6cb66-f70c-4faf-9d70-5bd6277c0471 | Event published successfully | Topic: falcon_topic | Partition: 0 | Offset: 171
2026-08-11 21:38:18,368 | INFO | CorrelationId: 05c78ea7-7f08-4dc9-b053-dc93326baa76 | Event published successfully | Topic: falcon_topic | Partition: 0 | Offset: 172
2026-08-11 21:38:18,416 | INFO | CorrelationId: ccd2aab6-446a-49c9-a642-2441b3f12a07 | Event published successfully | Topic: falcon_topic | Partition: 0 | Offset: 173
2026-08-11 21:38:18,460 | INFO | CorrelationId: 847866e7-e7fb-4555-bbe6-6f5ec9d468b6 | Event published successfully | Topic: falcon_topic | Partition: 0 | Offset: 174
2026-08-11 21:38:18,504 | INFO | CorrelationId: b9adcd5f-65a5-4eee-870d-819de9d6644c | Event published successfully | Topic: falcon_topic | Partition: 0 | Offset: 175
2026-08-11 21:38:18,548 | INFO | CorrelationId: 40ef67b3-c536-4db7-917f-ec6495d9c224 | Event published successfully | Topic: falcon_topic | Partition: 0 | Offset: 176
2026-08-11 21:38:18,592 | INFO | CorrelationId: 12c32f14-a11b-467e-944b-ca5f43139796 | Event published successfully | Topic: falcon_topic | Partition: 0 | Offset: 177
2026-08-11 21:38:18,636 | INFO | CorrelationId: 41097648-6e6a-4a44-8a19-145d47109bc9 | Event published successfully | Topic: falcon_topic | Partition: 0 | Offset: 178
2026-08-11 21:38:18,680 | INFO | CorrelationId: 0f091f84-1805-434f-907f-7b3a22aa7477 | Event published successfully | Topic: falcon_topic | Partition: 0 | Offset: 179
